DKMS (dkms-3.2.2) make.log for zfs/2.3.2 for kernel 6.12.63+deb13-amd64 (x86_64)
Sun Feb  1 21:59:40 UTC 2026

Running the pre_build script
# command: cd /var/lib/dkms/zfs/2.3.2/build/ && /var/lib/dkms/zfs/2.3.2/build/configure --disable-dependency-tracking --prefix=/usr --with-config=kernel --with-linux=/lib/modules/6.12.63+deb13-amd64/source --with-linux-obj=/lib/modules/6.12.63+deb13-amd64/build --with-qat= --host= 
checking for gawk... no
checking for mawk... mawk
checking metadata... META file
checking build system type... x86_64-pc-linux-gnu
checking host system type... x86_64-pc-linux-gnu
checking target system type... x86_64-pc-linux-gnu
checking whether to enable maintainer-specific portions of Makefiles... no
checking whether make supports nested variables... yes
checking for a BSD-compatible install... /usr/bin/install -c
checking whether sleep supports fractional seconds... yes
checking filesystem timestamp resolution... 0.01
checking whether build environment is sane... yes
checking for a race-free mkdir -p... /usr/bin/mkdir -p
checking whether make sets $(MAKE)... yes
checking xargs -n works... yes
checking how to print strings... printf
checking whether make supports the include directive... yes (GNU style)
checking for gcc... x86_64-linux-gnu-gcc-14
checking whether the C compiler works... yes
checking for C compiler default output file name... a.out
checking for suffix of executables... 
checking whether we are cross compiling... no
checking for suffix of object files... o
checking whether the compiler supports GNU C... yes
checking whether x86_64-linux-gnu-gcc-14 accepts -g... yes
checking for x86_64-linux-gnu-gcc-14 option to enable C11 features... none needed
checking whether x86_64-linux-gnu-gcc-14 understands -c and -o together... yes
checking dependency style of x86_64-linux-gnu-gcc-14... none
checking for a sed that does not truncate output... /usr/bin/sed
checking for grep that handles long lines and -e... /usr/bin/grep
checking for egrep... /usr/bin/grep -E
checking for fgrep... /usr/bin/grep -F
checking for ld used by x86_64-linux-gnu-gcc-14... /usr/bin/ld
checking if the linker (/usr/bin/ld) is GNU ld... yes
checking for BSD- or MS-compatible name lister (nm)... /usr/bin/nm -B
checking the name lister (/usr/bin/nm -B) interface... BSD nm
checking whether ln -s works... yes
checking the maximum length of command line arguments... 1572864
checking how to convert x86_64-pc-linux-gnu file names to x86_64-pc-linux-gnu format... func_convert_file_noop
checking how to convert x86_64-pc-linux-gnu file names to toolchain format... func_convert_file_noop
checking for /usr/bin/ld option to reload object files... -r
checking for file... file
checking for objdump... objdump
checking how to recognize dependent libraries... pass_all
checking for dlltool... no
checking how to associate runtime and link libraries... printf %s\n
checking for ranlib... ranlib
checking for ar... ar
checking for archiver @FILE support... @
checking for strip... strip
checking command to parse /usr/bin/nm -B output from x86_64-linux-gnu-gcc-14 object... ok
checking for sysroot... no
checking for a working dd... /usr/bin/dd
checking how to truncate binary pipes... /usr/bin/dd bs=4096 count=1
checking for mt... mt
checking if mt is a manifest tool... no
checking for stdio.h... yes
checking for stdlib.h... yes
checking for string.h... yes
checking for inttypes.h... yes
checking for stdint.h... yes
checking for strings.h... yes
checking for sys/stat.h... yes
checking for sys/types.h... yes
checking for unistd.h... yes
checking for dlfcn.h... yes
checking for objdir... .libs
checking if x86_64-linux-gnu-gcc-14 supports -fno-rtti -fno-exceptions... no
checking for x86_64-linux-gnu-gcc-14 option to produce PIC... -fPIC -DPIC
checking if x86_64-linux-gnu-gcc-14 PIC flag -fPIC -DPIC works... yes
checking if x86_64-linux-gnu-gcc-14 static flag -static works... yes
checking if x86_64-linux-gnu-gcc-14 supports -c -o file.o... yes
checking if x86_64-linux-gnu-gcc-14 supports -c -o file.o... (cached) yes
checking whether the x86_64-linux-gnu-gcc-14 linker (/usr/bin/ld -m elf_x86_64) supports shared libraries... yes
checking whether -lc should be explicitly linked in... no
checking dynamic linker characteristics... GNU/Linux ld.so
checking how to hardcode library paths into programs... immediate
checking whether stripping libraries is possible... yes
checking if libtool supports shared libraries... yes
checking whether to build shared libraries... yes
checking whether to build static libraries... yes
checking for gcc... (cached) x86_64-linux-gnu-gcc-14
checking whether the compiler supports GNU C... (cached) yes
checking whether x86_64-linux-gnu-gcc-14 accepts -g... (cached) yes
checking for x86_64-linux-gnu-gcc-14 option to enable C11 features... (cached) none needed
checking whether x86_64-linux-gnu-gcc-14 understands -c and -o together... (cached) yes
checking dependency style of x86_64-linux-gnu-gcc-14... (cached) none
checking whether ln -s works... yes
checking for pkg-config... no
checking dependency style of x86_64-linux-gnu-gcc-14... none
checking whether to build with code coverage support... no
checking how to create a pax tar archive... gnutar
checking zfs author... OpenZFS
checking zfs license... CDDL
checking whether NLS is requested... yes
checking for msgfmt... no
checking for gmsgfmt... :
checking for xgettext... no
checking for msgmerge... no
checking for ld... /usr/bin/ld -m elf_x86_64
checking if the linker (/usr/bin/ld -m elf_x86_64) is GNU ld... yes
checking for shared library run path origin... done
checking 32-bit host C ABI... no
checking for the common suffixes of directories in the library search path... lib,lib
checking zfs config... kernel
checking the number of available CPUs... 8
checking whether x86_64-linux-gnu-gcc-14 supports -Wno-clobbered... yes
checking whether x86_64-linux-gnu-gcc-14 supports -Winfinite-recursion... yes
checking whether x86_64-linux-gnu-gcc-14 supports -Winfinite-recursion... yes
checking whether x86_64-linux-gnu-gcc-14 supports -Wimplicit-fallthrough... yes
checking whether x86_64-linux-gnu-gcc-14 supports -Wframe-larger-than=<size>... yes
checking whether x86_64-linux-gnu-gcc-14 supports -Wno-format-truncation... yes
checking whether x86_64-linux-gnu-gcc-14 supports -Wno-format-zero-length... yes
checking whether x86_64-linux-gnu-gcc-14 supports -Wformat-overflow... yes
checking whether x86_64-linux-gnu-gcc-14 supports -fno-omit-frame-pointer... yes
checking whether x86_64-linux-gnu-gcc-14 supports -fno-ipa-sra... yes
checking whether x86_64-linux-gnu-gcc-14 supports -fno-ipa-sra... yes
checking whether to build with -fsanitize=address support... no
checking whether to build with -fsanitize=undefined support... no
checking whether host toolchain supports SSE... yes
checking whether host toolchain supports SSE2... yes
checking whether host toolchain supports SSE3... yes
checking whether host toolchain supports SSSE3... yes
checking whether host toolchain supports SSE4.1... yes
checking whether host toolchain supports SSE4.2... yes
checking whether host toolchain supports AVX... yes
checking whether host toolchain supports AVX2... yes
checking whether host toolchain supports AVX512F... yes
checking whether host toolchain supports AVX512CD... yes
checking whether host toolchain supports AVX512DQ... yes
checking whether host toolchain supports AVX512BW... yes
checking whether host toolchain supports AVX512IFMA... yes
checking whether host toolchain supports AVX512VBMI... yes
checking whether host toolchain supports AVX512PF... yes
checking whether host toolchain supports AVX512ER... yes
checking whether host toolchain supports AVX512VL... yes
checking whether host toolchain supports AES... yes
checking whether host toolchain supports PCLMULQDQ... yes
checking whether host toolchain supports MOVBE... yes
checking whether host toolchain supports XSAVE... yes
checking whether host toolchain supports XSAVEOPT... yes
checking whether host toolchain supports XSAVES... yes
checking for system type (linux-gnu)... Linux
checking for python3... python3
checking for python version... 3.13
checking for python platform... linux
checking for GNU default python prefix... ${prefix}
checking for GNU default python exec_prefix... ${exec_prefix}
checking for python script directory (pythondir)... ${PYTHON_PREFIX}/lib/python3.13/site-packages
checking for python extension module directory (pyexecdir)... ${PYTHON_EXEC_PREFIX}/lib/python3.13/site-packages
configure: Disabling pyzfs for kernel/srpm config
checking whether to enable pyzfs: ... no
checking for sed --in-place... --in-place
checking for cppcheck... no
checking for shellcheck... no
checking for checkbashisms... no
checking for parallel... no
checking kernel source and build directories... done
checking kernel source directory... /lib/modules/6.12.63+deb13-amd64/source
checking kernel build directory... /lib/modules/6.12.63+deb13-amd64/build
checking kernel source version... 6.12.63+deb13-amd64
checking for kernel config option compatibility... done
checking whether CONFIG_MODULES is defined... yes
checking whether CONFIG_BLOCK is defined... yes
checking whether mutex_lock() is GPL-only... no
checking whether CONFIG_TRIM_UNUSED_KSYM is disabled... yes
checking whether CONFIG_ZLIB_DEFLATE is defined... yes
checking whether CONFIG_ZLIB_INFLATE is defined... yes
checking kernel file name for module symbols... Module.symvers
checking whether fpu headers are available... asm/fpu/api.h
checking whether objtool header is available... linux/objtool.h
checking whether /dev/zfs minor is available... 249
checking whether DECLARE_EVENT_CLASS() is available... no
checking for available kernel interfaces... done
checking whether kernel defines intptr_t... yes
checking whether access_ok() has 'type' parameter... no
checking whether compile-time stack validation (objtool) is available... yes
checking whether STACK_FRAME_NON_STANDARD is defined... yes
checking whether pde_data() is lowercase... yes
checking whether generic_fadvise() is available... yes
checking whether header linux/sched/rt.h exists... yes
checking whether usleep_range() is available... yes
checking whether __vmalloc(ptr, flags, pageflags) is available... no
checking whether timestamp_truncate() exists... yes
checking whether inode_get_ctime() exists... yes
checking whether inode_set_ctime_to_ts() exists... yes
checking whether inode_get_atime() exists... yes
checking whether inode_set_atime_to_ts() exists... yes
checking whether inode_get_mtime() exists... yes
checking whether inode_set_mtime_to_ts() exists... yes
checking whether proc_ops structure exists... yes
checking whether bops->check_events() exists... yes
checking whether bops->release() is void and takes 2 args... no
checking whether bops->release() is void and takes 1 arg... yes
checking whether bops->revalidate_disk() exists... no
checking whether bio_set_op_attrs is available... no
checking whether bio_set_dev() is GPL-only... yes
checking whether bio_set_dev() is a macro... no
checking whether current->bio_list exists... yes
checking whether blkg_tryget() is available... no
checking whether bio->bi_bdev->bd_disk exists... yes
checking whether block_device_operations->submit_bio() returns void... yes
checking whether bio_alloc() wants 4 args... yes
checking whether blkdev_get_by_path() exists and takes 3 args... no
checking whether blkdev_get_by_path() exists and takes 4 args... no
checking whether bdev_open_by_path() exists... no
checking whether bdev_file_open_by_path() exists... yes
checking whether blkdev_put() exists... no
checking whether blkdev_put() accepts void* as arg 2... no
checking whether bdev_release() exists... no
checking whether blkdev_reread_part() exists... no
checking whether invalidate_bdev() exists... yes
checking whether lookup_bdev() wants dev_t arg... yes
checking whether bdev_logical_block_size() is available... yes
checking whether bdev_physical_block_size() is available... yes
checking whether check_disk_change() exists... no
checking whether bdev_check_media_change() exists... no
checking whether bdev_whole() is available... yes
checking whether bdev_nr_bytes() is available... yes
checking whether bdevname() exists... no
checking whether blkdev_get_by_path() handles ERESTARTSYS... no
checking whether blkdev_issue_discard() is available... yes
checking whether blkdev_issue_discard(flags) is available... no
checking whether __blkdev_issue_discard() is available... yes
checking whether __blkdev_issue_discard(flags) is available... no
checking whether blkdev_issue_secure_erase() is available... yes
checking whether bdev_kobj() exists... yes
checking whether part_to_dev() exists... no
checking whether disk_check_media_change() exists... yes
checking whether BLK_STS_RESV_CONFLICT is defined... yes
checking whether blk_mode_t is defined... yes
checking whether struct blk_plug is available... yes
checking whether blk_queue bdi is dynamic... no
checking whether backing_dev_info is available through queue gendisk... yes
checking whether blk_queue_update_readahead() exists... no
checking whether disk_update_readahead() exists... no
checking whether bdev_max_discard_sectors() is available... yes
checking whether bdev_max_secure_erase_sectors() is available... yes
checking whether blk_queue_max_hw_sectors() is available... no
checking whether blk_queue_max_segments() is available... no
checking whether block multiqueue hardware context is cached in struct request... yes
checking whether GENHD_FL_EXT_DEVT flag is available... no
checking whether GENHD_FL_NO_PART flag is available... yes
checking whether revalidate_disk_size() is available... no
checking whether revalidate_disk() is available... no
checking whether get_disk_ro() is available... yes
checking whether ql->discard_granularity is available... yes
checking whether inode_owner_or_capable() exists... no
checking whether inode_owner_or_capable() takes user_ns... no
checking whether inode_owner_or_capable() takes mnt_idmap... yes
checking whether super_block uses const struct xattr_handler... yes
checking whether xattr_handler->get() wants dentry and inode and flags... no
checking whether xattr_handler->set() wants dentry, inode, and mnt_idmap... yes
checking whether posix_acl_equiv_mode() wants umode_t... yes
checking whether iops->get_acl() exists... yes
checking whether iops->set_acl() with 4 args exists... yes
checking whether iops->setattr() takes mnt_idmap... yes
checking whether iops->getattr() takes mnt_idmap... yes
checking whether sops->show_options() wants dentry... yes
checking whether super_block has s_shrink... no
checking whether super_block has s_shrink pointer... yes
checking whether new var-arg register_shrinker() exists... no
checking whether shrinker_register() exists... yes
checking whether iops->mkdir() takes struct mnt_idmap*... yes
checking whether iops->lookup() passes flags... yes
checking whether iops->create() takes struct mnt_idmap*... yes
checking whether iops->permission() takes struct mnt_idmap*... yes
checking whether i_op->tmpfile() exists... yes
checking whether dops->d_automount() exists... yes
checking whether dops->d_revalidate() takes 4 args... no
checking whether eops->commit_metadata() exists... yes
checking whether setattr_prepare() is available and accepts struct mnt_idmap*... yes
checking whether insert_inode_locked() is available... yes
checking whether truncate_setsize() is available... yes
checking whether security_inode_init_security wants callback... yes
checking whether fst->mount() exists... yes
checking whether SB_DYING is defined... yes
checking whether set_nlink() is available... yes
checking whether sget() wants 5 args... yes
checking whether filemap_dirty_folio exists... yes
checking whether read_folio exists... yes
checking whether migrate_folio exists... yes
checking whether migratepage exists... no
checking whether vfs_fsync() wants 2 args... yes
checking whether aops->readpages exists... no
checking whether __set_page_dirty_nobuffers exists... no
checking whether fault_in_iov_iter_readable() is available... yes
checking whether iov_iter_type() is available... yes
checking whether iov_iter_get_pages2() is available... yes
checking whether iter_is_ubuf() is available... yes
checking whether iter_iov() is available... yes
checking whether generic_copy_file_range() is available... no
checking whether splice_copy_file_range() is available... yes
checking whether fops->remap_file_range() is available... yes
checking whether fops->clone_file_range() is available... no
checking whether fops->dedupe_file_range() is available... no
checking whether kmap_atomic wants 1 args... yes
checking whether kmap_local_page exists... yes
checking whether follow_down_one() is available... yes
checking whether submit_bio is member of struct block_device_operations... yes
checking whether blk_alloc_disk() exists... no
checking whether blk_alloc_disk() exists and takes 2 args... yes
checking whether struct queue_limits has a features field... yes
checking whether blk_cleanup_disk() exists... no
checking whether 6.3+ bdev_*_io_acct() are available... yes
checking whether kernel fpu is available... internal
checking whether kernel defines fmode_t... yes
checking whether kuid_t/kgid_t is available... yes
checking whether i_(uid|gid)_(read|write) exist... yes
checking whether iops->rename() takes struct mnt_idmap*... yes
checking whether totalram_pages() exists... yes
checking whether totalhigh_pages() exists... yes
checking whether is inside percpu_ref.data... yes
checking whether generic_fillattr requires struct mnt_idmap* and request_mask... yes
checking whether iops->mknod() takes struct mnt_idmap*... yes
checking whether iops->symlink() takes struct mnt_idmap*... yes
checking whether bio_max_segs() exists... yes
checking whether kernel_siginfo_t tyepedef exists... yes
checking whether struct kobj_type.default_groups exists... yes
checking whether standalone <linux/stdarg.h> exists... yes
checking whether strlcpy() exists... no
checking whether folio_wait_bit() exists... yes
checking whether add_disk() returns int... yes
checking whether kthread_complete_and_exit() is available... yes
checking whether dequeue_signal() takes 4 arguments... no
checking whether 3-arg dequeue_signal() takes a type argument... yes
checking whether ZERO_PAGE() is GPL-only... no
checking whether __copy_from_user_inatomic is available... yes
checking whether APIs for idmapped mount are present... yes
checking whether idmapped mounts have a user namespace... yes
checking whether iattr->ia_vfsuid and iattr->ia_vfsgid exist... yes
checking whether int (*writepage_t)() takes struct folio*... yes
checking whether struct reclaim_state has reclaimed field... yes
checking whether register_sysctl_table exists... no
checking whether register_sysctl_sz exists... yes
checking whether proc_handler ctl_table arg is const... yes
checking whether copy_splice_read() exists... yes
checking whether fsync_bdev() exists... checking whether sync_blockdev() exists... yes
checking whether PG_error flag is available... no
checking whether page_size() is available... yes
checking whether page_mapping() is available... no
checking whether __assign_str() has one arg... no
checking whether file->f_version exists... no
checking whether pin_user_pages_unlocked() is available... yes
checking whether assertion support will be enabled... no
checking whether debuginfo support will be forced... no
checking whether basic kmem accounting is enabled... no
checking whether detailed kmem tracking is enabled... no
checking whether FreeBSD kernel INVARIANTS checks are enabled... no
checking that generated files are newer than configure... done
configure: creating ./config.status
config.status: creating Makefile
config.status: creating include/Makefile
config.status: creating module/Kbuild
config.status: creating module/Makefile
config.status: creating zfs.release
config.status: creating zfs_config.h
config.status: executing depfiles commands
config.status: executing libtool commands
config.status: executing po-directories commands

# exit code: 0
# elapsed time: 00:00:46
----------------------------------------------------------------

Building module(s)
# command: make -j8 KERNELRELEASE=6.12.63+deb13-amd64
make  all-recursive
make[1]: Entering directory '/var/lib/dkms/zfs/2.3.2/build'
Making all in module
make[2]: Entering directory '/var/lib/dkms/zfs/2.3.2/build/module'
mkdir -p os/linux/spl/
mkdir -p avl/ icp/ icp/algs/aes/ icp/algs/blake3/ icp/algs/edonr/ icp/algs/modes/ icp/algs/sha2/ icp/algs/skein/ icp/api/ icp/asm-aarch64/blake3/ icp/asm-aarch64/sha2/ icp/asm-arm/sha2/ icp/asm-ppc64/blake3/ icp/asm-ppc64/sha2/ icp/asm-x86_64/aes/ icp/asm-x86_64/blake3/ icp/asm-x86_64/modes/ icp/asm-x86_64/sha2/ icp/core/ icp/io/ icp/spi/ lua/ lua/setjmp/ nvpair/ os/linux/zfs/ unicode/ zcommon/ zfs/ zstd/ zstd/lib/common/ zstd/lib/compress/ zstd/lib/decompress/
make -C /lib/modules/6.12.63+deb13-amd64/build CC=x86_64-linux-gnu-gcc-14 \
	  \
	 \
	 \
	M="$PWD"  O=/lib/modules/6.12.63+deb13-amd64/build CONFIG_ZFS=m modules
make[3]: Entering directory '/usr/src/linux-headers-6.12.63+deb13-amd64'
  CC [M]  /var/lib/dkms/zfs/2.3.2/build/module/os/linux/spl/spl-atomic.o
  CC [M]  /var/lib/dkms/zfs/2.3.2/build/module/os/linux/spl/spl-condvar.o
  CC [M]  /var/lib/dkms/zfs/2.3.2/build/module/os/linux/spl/spl-cred.o
  CC [M]  /var/lib/dkms/zfs/2.3.2/build/module/os/linux/spl/spl-err.o
  CC [M]  /var/lib/dkms/zfs/2.3.2/build/module/os/linux/spl/spl-generic.o
  CC [M]  /var/lib/dkms/zfs/2.3.2/build/module/os/linux/spl/spl-kmem-cache.o
  CC [M]  /var/lib/dkms/zfs/2.3.2/build/module/os/linux/spl/spl-kmem.o
  CC [M]  /var/lib/dkms/zfs/2.3.2/build/module/os/linux/spl/spl-kstat.o
  CC [M]  /var/lib/dkms/zfs/2.3.2/build/module/os/linux/spl/spl-proc.o
  CC [M]  /var/lib/dkms/zfs/2.3.2/build/module/os/linux/spl/spl-procfs-list.o
  CC [M]  /var/lib/dkms/zfs/2.3.2/build/module/os/linux/spl/spl-shrinker.o
  CC [M]  /var/lib/dkms/zfs/2.3.2/build/module/os/linux/spl/spl-taskq.o
  CC [M]  /var/lib/dkms/zfs/2.3.2/build/module/os/linux/spl/spl-thread.o
  CC [M]  /var/lib/dkms/zfs/2.3.2/build/module/os/linux/spl/spl-trace.o
  CC [M]  /var/lib/dkms/zfs/2.3.2/build/module/os/linux/spl/spl-tsd.o
  CC [M]  /var/lib/dkms/zfs/2.3.2/build/module/os/linux/spl/spl-vmem.o
  CC [M]  /var/lib/dkms/zfs/2.3.2/build/module/os/linux/spl/spl-xdr.o
  CC [M]  /var/lib/dkms/zfs/2.3.2/build/module/os/linux/spl/spl-zlib.o
  CC [M]  /var/lib/dkms/zfs/2.3.2/build/module/os/linux/spl/spl-zone.o
  CC [M]  /var/lib/dkms/zfs/2.3.2/build/module/avl/avl.o
  CC [M]  /var/lib/dkms/zfs/2.3.2/build/module/icp/algs/aes/aes_impl.o
  CC [M]  /var/lib/dkms/zfs/2.3.2/build/module/icp/algs/aes/aes_impl_generic.o
  CC [M]  /var/lib/dkms/zfs/2.3.2/build/module/icp/algs/aes/aes_modes.o
  CC [M]  /var/lib/dkms/zfs/2.3.2/build/module/icp/algs/blake3/blake3.o
  CC [M]  /var/lib/dkms/zfs/2.3.2/build/module/icp/algs/blake3/blake3_generic.o
  CC [M]  /var/lib/dkms/zfs/2.3.2/build/module/icp/algs/blake3/blake3_impl.o
  CC [M]  /var/lib/dkms/zfs/2.3.2/build/module/icp/algs/edonr/edonr.o
  CC [M]  /var/lib/dkms/zfs/2.3.2/build/module/icp/algs/modes/ccm.o
  CC [M]  /var/lib/dkms/zfs/2.3.2/build/module/icp/algs/modes/gcm.o
  CC [M]  /var/lib/dkms/zfs/2.3.2/build/module/icp/algs/modes/gcm_generic.o
  CC [M]  /var/lib/dkms/zfs/2.3.2/build/module/icp/algs/modes/modes.o
  CC [M]  /var/lib/dkms/zfs/2.3.2/build/module/icp/algs/sha2/sha2_generic.o
  CC [M]  /var/lib/dkms/zfs/2.3.2/build/module/icp/algs/sha2/sha256_impl.o
  CC [M]  /var/lib/dkms/zfs/2.3.2/build/module/icp/algs/sha2/sha512_impl.o
  CC [M]  /var/lib/dkms/zfs/2.3.2/build/module/icp/algs/skein/skein.o
  CC [M]  /var/lib/dkms/zfs/2.3.2/build/module/icp/algs/skein/skein_block.o
  CC [M]  /var/lib/dkms/zfs/2.3.2/build/module/icp/algs/skein/skein_iv.o
  CC [M]  /var/lib/dkms/zfs/2.3.2/build/module/icp/api/kcf_cipher.o
  CC [M]  /var/lib/dkms/zfs/2.3.2/build/module/icp/api/kcf_ctxops.o
  CC [M]  /var/lib/dkms/zfs/2.3.2/build/module/icp/api/kcf_mac.o
  CC [M]  /var/lib/dkms/zfs/2.3.2/build/module/icp/core/kcf_callprov.o
  CC [M]  /var/lib/dkms/zfs/2.3.2/build/module/icp/core/kcf_mech_tabs.o
  CC [M]  /var/lib/dkms/zfs/2.3.2/build/module/icp/core/kcf_prov_lib.o
  CC [M]  /var/lib/dkms/zfs/2.3.2/build/module/icp/core/kcf_prov_tabs.o
  CC [M]  /var/lib/dkms/zfs/2.3.2/build/module/icp/core/kcf_sched.o
  CC [M]  /var/lib/dkms/zfs/2.3.2/build/module/icp/illumos-crypto.o
  CC [M]  /var/lib/dkms/zfs/2.3.2/build/module/icp/io/aes.o
  CC [M]  /var/lib/dkms/zfs/2.3.2/build/module/icp/io/sha2_mod.o
  CC [M]  /var/lib/dkms/zfs/2.3.2/build/module/icp/spi/kcf_spi.o
  CC [M]  /var/lib/dkms/zfs/2.3.2/build/module/lua/lapi.o
  CC [M]  /var/lib/dkms/zfs/2.3.2/build/module/lua/lauxlib.o
  CC [M]  /var/lib/dkms/zfs/2.3.2/build/module/lua/lbaselib.o
  CC [M]  /var/lib/dkms/zfs/2.3.2/build/module/lua/lcode.o
  CC [M]  /var/lib/dkms/zfs/2.3.2/build/module/lua/lcompat.o
  CC [M]  /var/lib/dkms/zfs/2.3.2/build/module/lua/lcorolib.o
  CC [M]  /var/lib/dkms/zfs/2.3.2/build/module/lua/lctype.o
  CC [M]  /var/lib/dkms/zfs/2.3.2/build/module/lua/ldebug.o
  CC [M]  /var/lib/dkms/zfs/2.3.2/build/module/lua/ldo.o
  CC [M]  /var/lib/dkms/zfs/2.3.2/build/module/lua/lfunc.o
  CC [M]  /var/lib/dkms/zfs/2.3.2/build/module/lua/lgc.o
  CC [M]  /var/lib/dkms/zfs/2.3.2/build/module/lua/llex.o
  CC [M]  /var/lib/dkms/zfs/2.3.2/build/module/lua/lmem.o
  CC [M]  /var/lib/dkms/zfs/2.3.2/build/module/lua/lobject.o
  CC [M]  /var/lib/dkms/zfs/2.3.2/build/module/lua/lopcodes.o
  CC [M]  /var/lib/dkms/zfs/2.3.2/build/module/lua/lparser.o
  CC [M]  /var/lib/dkms/zfs/2.3.2/build/module/lua/lstate.o
  CC [M]  /var/lib/dkms/zfs/2.3.2/build/module/lua/lstring.o
  CC [M]  /var/lib/dkms/zfs/2.3.2/build/module/lua/lstrlib.o
  CC [M]  /var/lib/dkms/zfs/2.3.2/build/module/lua/ltable.o
  CC [M]  /var/lib/dkms/zfs/2.3.2/build/module/lua/ltablib.o
  CC [M]  /var/lib/dkms/zfs/2.3.2/build/module/lua/ltm.o
  CC [M]  /var/lib/dkms/zfs/2.3.2/build/module/lua/lvm.o
  CC [M]  /var/lib/dkms/zfs/2.3.2/build/module/lua/lzio.o
  AS [M]  /var/lib/dkms/zfs/2.3.2/build/module/lua/setjmp/setjmp.o
  CC [M]  /var/lib/dkms/zfs/2.3.2/build/module/nvpair/fnvpair.o
  CC [M]  /var/lib/dkms/zfs/2.3.2/build/module/nvpair/nvpair.o
  CC [M]  /var/lib/dkms/zfs/2.3.2/build/module/nvpair/nvpair_alloc_fixed.o
  CC [M]  /var/lib/dkms/zfs/2.3.2/build/module/nvpair/nvpair_alloc_spl.o
  CC [M]  /var/lib/dkms/zfs/2.3.2/build/module/unicode/u8_textprep.o
  CC [M]  /var/lib/dkms/zfs/2.3.2/build/module/unicode/uconv.o
  CC [M]  /var/lib/dkms/zfs/2.3.2/build/module/zcommon/cityhash.o
  CC [M]  /var/lib/dkms/zfs/2.3.2/build/module/zcommon/simd_stat.o
  CC [M]  /var/lib/dkms/zfs/2.3.2/build/module/zcommon/zfeature_common.o
  CC [M]  /var/lib/dkms/zfs/2.3.2/build/module/zcommon/zfs_comutil.o
  CC [M]  /var/lib/dkms/zfs/2.3.2/build/module/zcommon/zfs_deleg.o
  CC [M]  /var/lib/dkms/zfs/2.3.2/build/module/zcommon/zfs_fletcher.o
  CC [M]  /var/lib/dkms/zfs/2.3.2/build/module/zcommon/zfs_fletcher_superscalar.o
  CC [M]  /var/lib/dkms/zfs/2.3.2/build/module/zcommon/zfs_fletcher_superscalar4.o
  CC [M]  /var/lib/dkms/zfs/2.3.2/build/module/zcommon/zfs_namecheck.o
  CC [M]  /var/lib/dkms/zfs/2.3.2/build/module/zcommon/zfs_prop.o
  CC [M]  /var/lib/dkms/zfs/2.3.2/build/module/zcommon/zfs_valstr.o
  CC [M]  /var/lib/dkms/zfs/2.3.2/build/module/zcommon/zpool_prop.o
  CC [M]  /var/lib/dkms/zfs/2.3.2/build/module/zcommon/zprop_common.o
  CC [M]  /var/lib/dkms/zfs/2.3.2/build/module/zstd/zfs_zstd.o
  CC [M]  /var/lib/dkms/zfs/2.3.2/build/module/zstd/zstd_sparc.o
  CC [M]  /var/lib/dkms/zfs/2.3.2/build/module/zstd/lib/common/entropy_common.o
  CC [M]  /var/lib/dkms/zfs/2.3.2/build/module/zstd/lib/common/error_private.o
  CC [M]  /var/lib/dkms/zfs/2.3.2/build/module/zstd/lib/common/fse_decompress.o
  CC [M]  /var/lib/dkms/zfs/2.3.2/build/module/zstd/lib/common/pool.o
  CC [M]  /var/lib/dkms/zfs/2.3.2/build/module/zstd/lib/common/zstd_common.o
  CC [M]  /var/lib/dkms/zfs/2.3.2/build/module/zstd/lib/compress/fse_compress.o
  CC [M]  /var/lib/dkms/zfs/2.3.2/build/module/zstd/lib/compress/hist.o
  CC [M]  /var/lib/dkms/zfs/2.3.2/build/module/zstd/lib/compress/huf_compress.o
  CC [M]  /var/lib/dkms/zfs/2.3.2/build/module/zstd/lib/compress/zstd_compress.o
  CC [M]  /var/lib/dkms/zfs/2.3.2/build/module/zstd/lib/compress/zstd_compress_literals.o
  CC [M]  /var/lib/dkms/zfs/2.3.2/build/module/zstd/lib/compress/zstd_compress_sequences.o
  CC [M]  /var/lib/dkms/zfs/2.3.2/build/module/zstd/lib/compress/zstd_compress_superblock.o
  CC [M]  /var/lib/dkms/zfs/2.3.2/build/module/zstd/lib/compress/zstd_double_fast.o
  CC [M]  /var/lib/dkms/zfs/2.3.2/build/module/zstd/lib/compress/zstd_fast.o
  CC [M]  /var/lib/dkms/zfs/2.3.2/build/module/zstd/lib/compress/zstd_lazy.o
  CC [M]  /var/lib/dkms/zfs/2.3.2/build/module/zstd/lib/compress/zstd_ldm.o
  CC [M]  /var/lib/dkms/zfs/2.3.2/build/module/zstd/lib/compress/zstd_opt.o
  CC [M]  /var/lib/dkms/zfs/2.3.2/build/module/zstd/lib/decompress/huf_decompress.o
  CC [M]  /var/lib/dkms/zfs/2.3.2/build/module/zstd/lib/decompress/zstd_ddict.o
  CC [M]  /var/lib/dkms/zfs/2.3.2/build/module/zstd/lib/decompress/zstd_decompress.o
  CC [M]  /var/lib/dkms/zfs/2.3.2/build/module/zstd/lib/decompress/zstd_decompress_block.o
  CC [M]  /var/lib/dkms/zfs/2.3.2/build/module/zfs/abd.o
  CC [M]  /var/lib/dkms/zfs/2.3.2/build/module/zfs/aggsum.o
  CC [M]  /var/lib/dkms/zfs/2.3.2/build/module/zfs/arc.o
  CC [M]  /var/lib/dkms/zfs/2.3.2/build/module/zfs/blake3_zfs.o
  CC [M]  /var/lib/dkms/zfs/2.3.2/build/module/zfs/blkptr.o
  CC [M]  /var/lib/dkms/zfs/2.3.2/build/module/zfs/bplist.o
  CC [M]  /var/lib/dkms/zfs/2.3.2/build/module/zfs/bpobj.o
  CC [M]  /var/lib/dkms/zfs/2.3.2/build/module/zfs/bptree.o
  CC [M]  /var/lib/dkms/zfs/2.3.2/build/module/zfs/bqueue.o
  CC [M]  /var/lib/dkms/zfs/2.3.2/build/module/zfs/brt.o
  CC [M]  /var/lib/dkms/zfs/2.3.2/build/module/zfs/btree.o
  CC [M]  /var/lib/dkms/zfs/2.3.2/build/module/zfs/dataset_kstats.o
  CC [M]  /var/lib/dkms/zfs/2.3.2/build/module/zfs/dbuf.o
  CC [M]  /var/lib/dkms/zfs/2.3.2/build/module/zfs/dbuf_stats.o
  CC [M]  /var/lib/dkms/zfs/2.3.2/build/module/zfs/ddt.o
  CC [M]  /var/lib/dkms/zfs/2.3.2/build/module/zfs/ddt_log.o
  CC [M]  /var/lib/dkms/zfs/2.3.2/build/module/zfs/ddt_stats.o
  CC [M]  /var/lib/dkms/zfs/2.3.2/build/module/zfs/ddt_zap.o
  CC [M]  /var/lib/dkms/zfs/2.3.2/build/module/zfs/dmu.o
  CC [M]  /var/lib/dkms/zfs/2.3.2/build/module/zfs/dmu_direct.o
  CC [M]  /var/lib/dkms/zfs/2.3.2/build/module/zfs/dmu_diff.o
  CC [M]  /var/lib/dkms/zfs/2.3.2/build/module/zfs/dmu_object.o
  CC [M]  /var/lib/dkms/zfs/2.3.2/build/module/zfs/dmu_objset.o
  CC [M]  /var/lib/dkms/zfs/2.3.2/build/module/zfs/dmu_recv.o
  CC [M]  /var/lib/dkms/zfs/2.3.2/build/module/zfs/dmu_redact.o
  CC [M]  /var/lib/dkms/zfs/2.3.2/build/module/zfs/dmu_send.o
  CC [M]  /var/lib/dkms/zfs/2.3.2/build/module/zfs/dmu_traverse.o
  CC [M]  /var/lib/dkms/zfs/2.3.2/build/module/zfs/dmu_tx.o
  CC [M]  /var/lib/dkms/zfs/2.3.2/build/module/zfs/dmu_zfetch.o
  CC [M]  /var/lib/dkms/zfs/2.3.2/build/module/zfs/dnode.o
  CC [M]  /var/lib/dkms/zfs/2.3.2/build/module/zfs/dnode_sync.o
  CC [M]  /var/lib/dkms/zfs/2.3.2/build/module/zfs/dsl_bookmark.o
  CC [M]  /var/lib/dkms/zfs/2.3.2/build/module/zfs/dsl_crypt.o
  CC [M]  /var/lib/dkms/zfs/2.3.2/build/module/zfs/dsl_dataset.o
  CC [M]  /var/lib/dkms/zfs/2.3.2/build/module/zfs/dsl_deadlist.o
  CC [M]  /var/lib/dkms/zfs/2.3.2/build/module/zfs/dsl_deleg.o
  CC [M]  /var/lib/dkms/zfs/2.3.2/build/module/zfs/dsl_destroy.o
  CC [M]  /var/lib/dkms/zfs/2.3.2/build/module/zfs/dsl_dir.o
  CC [M]  /var/lib/dkms/zfs/2.3.2/build/module/zfs/dsl_pool.o
  CC [M]  /var/lib/dkms/zfs/2.3.2/build/module/zfs/dsl_prop.o
  CC [M]  /var/lib/dkms/zfs/2.3.2/build/module/zfs/dsl_scan.o
  CC [M]  /var/lib/dkms/zfs/2.3.2/build/module/zfs/dsl_synctask.o
  CC [M]  /var/lib/dkms/zfs/2.3.2/build/module/zfs/dsl_userhold.o
  CC [M]  /var/lib/dkms/zfs/2.3.2/build/module/zfs/edonr_zfs.o
  CC [M]  /var/lib/dkms/zfs/2.3.2/build/module/zfs/fm.o
  CC [M]  /var/lib/dkms/zfs/2.3.2/build/module/zfs/gzip.o
  CC [M]  /var/lib/dkms/zfs/2.3.2/build/module/zfs/hkdf.o
  CC [M]  /var/lib/dkms/zfs/2.3.2/build/module/zfs/lz4.o
  CC [M]  /var/lib/dkms/zfs/2.3.2/build/module/zfs/lz4_zfs.o
  CC [M]  /var/lib/dkms/zfs/2.3.2/build/module/zfs/lzjb.o
  CC [M]  /var/lib/dkms/zfs/2.3.2/build/module/zfs/metaslab.o
  CC [M]  /var/lib/dkms/zfs/2.3.2/build/module/zfs/mmp.o
  CC [M]  /var/lib/dkms/zfs/2.3.2/build/module/zfs/multilist.o
  CC [M]  /var/lib/dkms/zfs/2.3.2/build/module/zfs/objlist.o
  CC [M]  /var/lib/dkms/zfs/2.3.2/build/module/zfs/pathname.o
  CC [M]  /var/lib/dkms/zfs/2.3.2/build/module/zfs/range_tree.o
  CC [M]  /var/lib/dkms/zfs/2.3.2/build/module/zfs/refcount.o
  CC [M]  /var/lib/dkms/zfs/2.3.2/build/module/zfs/rrwlock.o
  CC [M]  /var/lib/dkms/zfs/2.3.2/build/module/zfs/sa.o
  CC [M]  /var/lib/dkms/zfs/2.3.2/build/module/zfs/sha2_zfs.o
  CC [M]  /var/lib/dkms/zfs/2.3.2/build/module/zfs/skein_zfs.o
  CC [M]  /var/lib/dkms/zfs/2.3.2/build/module/zfs/spa.o
  CC [M]  /var/lib/dkms/zfs/2.3.2/build/module/zfs/spa_checkpoint.o
  CC [M]  /var/lib/dkms/zfs/2.3.2/build/module/zfs/spa_config.o
  CC [M]  /var/lib/dkms/zfs/2.3.2/build/module/zfs/spa_errlog.o
  CC [M]  /var/lib/dkms/zfs/2.3.2/build/module/zfs/spa_history.o
  CC [M]  /var/lib/dkms/zfs/2.3.2/build/module/zfs/spa_log_spacemap.o
  CC [M]  /var/lib/dkms/zfs/2.3.2/build/module/zfs/spa_misc.o
  CC [M]  /var/lib/dkms/zfs/2.3.2/build/module/zfs/spa_stats.o
  CC [M]  /var/lib/dkms/zfs/2.3.2/build/module/zfs/space_map.o
  CC [M]  /var/lib/dkms/zfs/2.3.2/build/module/zfs/space_reftree.o
  CC [M]  /var/lib/dkms/zfs/2.3.2/build/module/zfs/txg.o
  CC [M]  /var/lib/dkms/zfs/2.3.2/build/module/zfs/uberblock.o
  CC [M]  /var/lib/dkms/zfs/2.3.2/build/module/zfs/unique.o
  CC [M]  /var/lib/dkms/zfs/2.3.2/build/module/zfs/vdev.o
  CC [M]  /var/lib/dkms/zfs/2.3.2/build/module/zfs/vdev_draid.o
  CC [M]  /var/lib/dkms/zfs/2.3.2/build/module/zfs/vdev_draid_rand.o
  CC [M]  /var/lib/dkms/zfs/2.3.2/build/module/zfs/vdev_file.o
  CC [M]  /var/lib/dkms/zfs/2.3.2/build/module/zfs/vdev_indirect.o
  CC [M]  /var/lib/dkms/zfs/2.3.2/build/module/zfs/vdev_indirect_births.o
  CC [M]  /var/lib/dkms/zfs/2.3.2/build/module/zfs/vdev_indirect_mapping.o
  CC [M]  /var/lib/dkms/zfs/2.3.2/build/module/zfs/vdev_initialize.o
  CC [M]  /var/lib/dkms/zfs/2.3.2/build/module/zfs/vdev_label.o
  CC [M]  /var/lib/dkms/zfs/2.3.2/build/module/zfs/vdev_mirror.o
  CC [M]  /var/lib/dkms/zfs/2.3.2/build/module/zfs/vdev_missing.o
  CC [M]  /var/lib/dkms/zfs/2.3.2/build/module/zfs/vdev_queue.o
  CC [M]  /var/lib/dkms/zfs/2.3.2/build/module/zfs/vdev_raidz.o
  CC [M]  /var/lib/dkms/zfs/2.3.2/build/module/zfs/vdev_raidz_math.o
  CC [M]  /var/lib/dkms/zfs/2.3.2/build/module/zfs/vdev_raidz_math_scalar.o
  CC [M]  /var/lib/dkms/zfs/2.3.2/build/module/zfs/vdev_rebuild.o
  CC [M]  /var/lib/dkms/zfs/2.3.2/build/module/zfs/vdev_removal.o
  CC [M]  /var/lib/dkms/zfs/2.3.2/build/module/zfs/vdev_root.o
  CC [M]  /var/lib/dkms/zfs/2.3.2/build/module/zfs/vdev_trim.o
  CC [M]  /var/lib/dkms/zfs/2.3.2/build/module/zfs/zap.o
  CC [M]  /var/lib/dkms/zfs/2.3.2/build/module/zfs/zap_leaf.o
  CC [M]  /var/lib/dkms/zfs/2.3.2/build/module/zfs/zap_micro.o
  CC [M]  /var/lib/dkms/zfs/2.3.2/build/module/zfs/zcp.o
  CC [M]  /var/lib/dkms/zfs/2.3.2/build/module/zfs/zcp_get.o
  CC [M]  /var/lib/dkms/zfs/2.3.2/build/module/zfs/zcp_global.o
  CC [M]  /var/lib/dkms/zfs/2.3.2/build/module/zfs/zcp_iter.o
  CC [M]  /var/lib/dkms/zfs/2.3.2/build/module/zfs/zcp_set.o
  CC [M]  /var/lib/dkms/zfs/2.3.2/build/module/zfs/zcp_synctask.o
  CC [M]  /var/lib/dkms/zfs/2.3.2/build/module/zfs/zfeature.o
  CC [M]  /var/lib/dkms/zfs/2.3.2/build/module/zfs/zfs_byteswap.o
  CC [M]  /var/lib/dkms/zfs/2.3.2/build/module/zfs/zfs_chksum.o
  CC [M]  /var/lib/dkms/zfs/2.3.2/build/module/zfs/zfs_fm.o
  CC [M]  /var/lib/dkms/zfs/2.3.2/build/module/zfs/zfs_fuid.o
  CC [M]  /var/lib/dkms/zfs/2.3.2/build/module/zfs/zfs_impl.o
  CC [M]  /var/lib/dkms/zfs/2.3.2/build/module/zfs/zfs_ioctl.o
  CC [M]  /var/lib/dkms/zfs/2.3.2/build/module/zfs/zfs_log.o
  CC [M]  /var/lib/dkms/zfs/2.3.2/build/module/zfs/zfs_onexit.o
  CC [M]  /var/lib/dkms/zfs/2.3.2/build/module/zfs/zfs_quota.o
  CC [M]  /var/lib/dkms/zfs/2.3.2/build/module/zfs/zfs_ratelimit.o
  CC [M]  /var/lib/dkms/zfs/2.3.2/build/module/zfs/zfs_replay.o
  CC [M]  /var/lib/dkms/zfs/2.3.2/build/module/zfs/zfs_rlock.o
  CC [M]  /var/lib/dkms/zfs/2.3.2/build/module/zfs/zfs_sa.o
  CC [M]  /var/lib/dkms/zfs/2.3.2/build/module/zfs/zfs_vnops.o
  CC [M]  /var/lib/dkms/zfs/2.3.2/build/module/zfs/zfs_znode.o
  CC [M]  /var/lib/dkms/zfs/2.3.2/build/module/zfs/zil.o
  CC [M]  /var/lib/dkms/zfs/2.3.2/build/module/zfs/zio.o
  CC [M]  /var/lib/dkms/zfs/2.3.2/build/module/zfs/zio_checksum.o
  CC [M]  /var/lib/dkms/zfs/2.3.2/build/module/zfs/zio_compress.o
  CC [M]  /var/lib/dkms/zfs/2.3.2/build/module/zfs/zio_inject.o
  CC [M]  /var/lib/dkms/zfs/2.3.2/build/module/zfs/zle.o
  CC [M]  /var/lib/dkms/zfs/2.3.2/build/module/zfs/zrlock.o
  CC [M]  /var/lib/dkms/zfs/2.3.2/build/module/zfs/zthr.o
  CC [M]  /var/lib/dkms/zfs/2.3.2/build/module/zfs/zvol.o
  CC [M]  /var/lib/dkms/zfs/2.3.2/build/module/os/linux/zfs/abd_os.o
  CC [M]  /var/lib/dkms/zfs/2.3.2/build/module/os/linux/zfs/arc_os.o
  CC [M]  /var/lib/dkms/zfs/2.3.2/build/module/os/linux/zfs/mmp_os.o
  CC [M]  /var/lib/dkms/zfs/2.3.2/build/module/os/linux/zfs/policy.o
  CC [M]  /var/lib/dkms/zfs/2.3.2/build/module/os/linux/zfs/qat.o
  CC [M]  /var/lib/dkms/zfs/2.3.2/build/module/os/linux/zfs/qat_compress.o
  CC [M]  /var/lib/dkms/zfs/2.3.2/build/module/os/linux/zfs/qat_crypt.o
  CC [M]  /var/lib/dkms/zfs/2.3.2/build/module/os/linux/zfs/spa_misc_os.o
  CC [M]  /var/lib/dkms/zfs/2.3.2/build/module/os/linux/zfs/trace.o
  CC [M]  /var/lib/dkms/zfs/2.3.2/build/module/os/linux/zfs/vdev_disk.o
  CC [M]  /var/lib/dkms/zfs/2.3.2/build/module/os/linux/zfs/vdev_raidz.o
  CC [M]  /var/lib/dkms/zfs/2.3.2/build/module/os/linux/zfs/vdev_label_os.o
  CC [M]  /var/lib/dkms/zfs/2.3.2/build/module/os/linux/zfs/zfs_acl.o
  CC [M]  /var/lib/dkms/zfs/2.3.2/build/module/os/linux/zfs/zfs_ctldir.o
  CC [M]  /var/lib/dkms/zfs/2.3.2/build/module/os/linux/zfs/zfs_debug.o
  CC [M]  /var/lib/dkms/zfs/2.3.2/build/module/os/linux/zfs/zfs_dir.o
  CC [M]  /var/lib/dkms/zfs/2.3.2/build/module/os/linux/zfs/zfs_file_os.o
  CC [M]  /var/lib/dkms/zfs/2.3.2/build/module/os/linux/zfs/zfs_ioctl_os.o
  CC [M]  /var/lib/dkms/zfs/2.3.2/build/module/os/linux/zfs/zfs_racct.o
  CC [M]  /var/lib/dkms/zfs/2.3.2/build/module/os/linux/zfs/zfs_sysfs.o
  CC [M]  /var/lib/dkms/zfs/2.3.2/build/module/os/linux/zfs/zfs_uio.o
  CC [M]  /var/lib/dkms/zfs/2.3.2/build/module/os/linux/zfs/zfs_vfsops.o
  CC [M]  /var/lib/dkms/zfs/2.3.2/build/module/os/linux/zfs/zfs_vnops_os.o
  CC [M]  /var/lib/dkms/zfs/2.3.2/build/module/os/linux/zfs/zfs_znode_os.o
  CC [M]  /var/lib/dkms/zfs/2.3.2/build/module/os/linux/zfs/zio_crypt.o
  CC [M]  /var/lib/dkms/zfs/2.3.2/build/module/os/linux/zfs/zpl_ctldir.o
  CC [M]  /var/lib/dkms/zfs/2.3.2/build/module/os/linux/zfs/zpl_export.o
  CC [M]  /var/lib/dkms/zfs/2.3.2/build/module/os/linux/zfs/zpl_file.o
  CC [M]  /var/lib/dkms/zfs/2.3.2/build/module/os/linux/zfs/zpl_file_range.o
  CC [M]  /var/lib/dkms/zfs/2.3.2/build/module/os/linux/zfs/zpl_inode.o
  CC [M]  /var/lib/dkms/zfs/2.3.2/build/module/os/linux/zfs/zpl_super.o
  CC [M]  /var/lib/dkms/zfs/2.3.2/build/module/os/linux/zfs/zpl_xattr.o
  CC [M]  /var/lib/dkms/zfs/2.3.2/build/module/os/linux/zfs/zvol_os.o
  CC [M]  /var/lib/dkms/zfs/2.3.2/build/module/icp/algs/aes/aes_impl_aesni.o
  CC [M]  /var/lib/dkms/zfs/2.3.2/build/module/icp/algs/aes/aes_impl_x86-64.o
  CC [M]  /var/lib/dkms/zfs/2.3.2/build/module/icp/algs/modes/gcm_pclmulqdq.o
  AS [M]  /var/lib/dkms/zfs/2.3.2/build/module/icp/asm-x86_64/aes/aes_aesni.o
  AS [M]  /var/lib/dkms/zfs/2.3.2/build/module/icp/asm-x86_64/aes/aes_amd64.o
  CC [M]  /var/lib/dkms/zfs/2.3.2/build/module/icp/asm-x86_64/aes/aeskey.o
  AS [M]  /var/lib/dkms/zfs/2.3.2/build/module/icp/asm-x86_64/blake3/blake3_avx2.o
  AS [M]  /var/lib/dkms/zfs/2.3.2/build/module/icp/asm-x86_64/blake3/blake3_avx512.o
  AS [M]  /var/lib/dkms/zfs/2.3.2/build/module/icp/asm-x86_64/blake3/blake3_sse2.o
  AS [M]  /var/lib/dkms/zfs/2.3.2/build/module/icp/asm-x86_64/blake3/blake3_sse41.o
  AS [M]  /var/lib/dkms/zfs/2.3.2/build/module/icp/asm-x86_64/sha2/sha256-x86_64.o
  AS [M]  /var/lib/dkms/zfs/2.3.2/build/module/icp/asm-x86_64/sha2/sha512-x86_64.o
  AS [M]  /var/lib/dkms/zfs/2.3.2/build/module/icp/asm-x86_64/modes/aesni-gcm-x86_64.o
  AS [M]  /var/lib/dkms/zfs/2.3.2/build/module/icp/asm-x86_64/modes/gcm_pclmulqdq.o
  AS [M]  /var/lib/dkms/zfs/2.3.2/build/module/icp/asm-x86_64/modes/ghash-x86_64.o
  CC [M]  /var/lib/dkms/zfs/2.3.2/build/module/zcommon/zfs_fletcher_avx512.o
  CC [M]  /var/lib/dkms/zfs/2.3.2/build/module/zcommon/zfs_fletcher_intel.o
  CC [M]  /var/lib/dkms/zfs/2.3.2/build/module/zcommon/zfs_fletcher_sse.o
  CC [M]  /var/lib/dkms/zfs/2.3.2/build/module/zfs/vdev_raidz_math_avx2.o
  CC [M]  /var/lib/dkms/zfs/2.3.2/build/module/zfs/vdev_raidz_math_avx512bw.o
  CC [M]  /var/lib/dkms/zfs/2.3.2/build/module/zfs/vdev_raidz_math_avx512f.o
  CC [M]  /var/lib/dkms/zfs/2.3.2/build/module/zfs/vdev_raidz_math_sse2.o
  CC [M]  /var/lib/dkms/zfs/2.3.2/build/module/zfs/vdev_raidz_math_ssse3.o
  LD [M]  /var/lib/dkms/zfs/2.3.2/build/module/spl.o
/var/lib/dkms/zfs/2.3.2/build/module/spl.o: warning: objtool: spl_kmem_cache_create+0x65f: spl_panic() is missing a __noreturn annotation
/var/lib/dkms/zfs/2.3.2/build/module/spl.o: warning: objtool: spl_kmem_cache_destroy+0x214: spl_panic() is missing a __noreturn annotation
/var/lib/dkms/zfs/2.3.2/build/module/spl.o: warning: objtool: kstat_seq_data_addr+0x77: spl_panic() is missing a __noreturn annotation
/var/lib/dkms/zfs/2.3.2/build/module/spl.o: warning: objtool: kstat_seq_show+0x137: spl_panic() is missing a __noreturn annotation
/var/lib/dkms/zfs/2.3.2/build/module/spl.o: warning: objtool: __kstat_create+0x2e5: spl_panic() is missing a __noreturn annotation
/var/lib/dkms/zfs/2.3.2/build/module/spl.o: warning: objtool: __kstat_delete+0x7e: spl_panic() is missing a __noreturn annotation
/var/lib/dkms/zfs/2.3.2/build/module/spl.o: warning: objtool: kstat_seq_start+0x366: spl_panic() is missing a __noreturn annotation
/var/lib/dkms/zfs/2.3.2/build/module/spl.o: warning: objtool: taskq_destroy+0x357: spl_panic() is missing a __noreturn annotation
/var/lib/dkms/zfs/2.3.2/build/module/spl.o: warning: objtool: taskq_create_synced+0xd7: spl_panic() is missing a __noreturn annotation
  LD [M]  /var/lib/dkms/zfs/2.3.2/build/module/zfs.o
/var/lib/dkms/zfs/2.3.2/build/module/zfs.o: warning: objtool: zfs_sha256_transform_x64+0x1d: unsupported stack pointer realignment
/var/lib/dkms/zfs/2.3.2/build/module/zfs.o: warning: objtool: zfs_sha256_transform_ssse3+0x1d: unsupported stack pointer realignment
/var/lib/dkms/zfs/2.3.2/build/module/zfs.o: warning: objtool: zfs_sha256_transform_avx+0x1d: unsupported stack pointer realignment
/var/lib/dkms/zfs/2.3.2/build/module/zfs.o: warning: objtool: zfs_sha256_transform_avx2+0x1c: unsupported stack pointer realignment
/var/lib/dkms/zfs/2.3.2/build/module/zfs.o: warning: objtool: zfs_sha512_transform_x64+0x20: unsupported stack pointer realignment
/var/lib/dkms/zfs/2.3.2/build/module/zfs.o: warning: objtool: zfs_sha512_transform_avx+0x20: unsupported stack pointer realignment
/var/lib/dkms/zfs/2.3.2/build/module/zfs.o: warning: objtool: zfs_sha512_transform_avx2+0x1c: unsupported stack pointer realignment
/var/lib/dkms/zfs/2.3.2/build/module/zfs.o: warning: objtool: _aesni_ctr32_ghash_6x+0x57a: return with modified stack frame
/var/lib/dkms/zfs/2.3.2/build/module/zfs.o: warning: objtool: _aesni_ctr32_ghash_no_movbe_6x+0x59a: return with modified stack frame
/var/lib/dkms/zfs/2.3.2/build/module/zfs.o: warning: objtool: aesni_gcm_decrypt+0x48: unsupported stack pointer realignment
/var/lib/dkms/zfs/2.3.2/build/module/zfs.o: warning: objtool: aesni_gcm_encrypt+0x52: unsupported stack pointer realignment
  MODPOST /var/lib/dkms/zfs/2.3.2/build/module/Module.symvers
  CC [M]  /var/lib/dkms/zfs/2.3.2/build/module/spl.mod.o
  CC [M]  /var/lib/dkms/zfs/2.3.2/build/module/.module-common.o
  CC [M]  /var/lib/dkms/zfs/2.3.2/build/module/zfs.mod.o
  LD [M]  /var/lib/dkms/zfs/2.3.2/build/module/spl.ko
  BTF [M] /var/lib/dkms/zfs/2.3.2/build/module/spl.ko
  LD [M]  /var/lib/dkms/zfs/2.3.2/build/module/zfs.ko
  BTF [M] /var/lib/dkms/zfs/2.3.2/build/module/zfs.ko
make[3]: Leaving directory '/usr/src/linux-headers-6.12.63+deb13-amd64'
make[2]: Leaving directory '/var/lib/dkms/zfs/2.3.2/build/module'
Making all in include
make[2]: Entering directory '/var/lib/dkms/zfs/2.3.2/build/include'
make[2]: Nothing to be done for 'all'.
make[2]: Leaving directory '/var/lib/dkms/zfs/2.3.2/build/include'
make[2]: Entering directory '/var/lib/dkms/zfs/2.3.2/build'
make[2]: Nothing to be done for 'all-am'.
make[2]: Leaving directory '/var/lib/dkms/zfs/2.3.2/build'
make[1]: Leaving directory '/var/lib/dkms/zfs/2.3.2/build'

# exit code: 0
# elapsed time: 00:01:11
----------------------------------------------------------------

Running the post_build script
# command: cd /var/lib/dkms/zfs/2.3.2/build/ && /var/lib/dkms/zfs/2.3.2/build/scripts/dkms.postbuild -n zfs -v 2.3.2 -a x86_64 -k 6.12.63+deb13-amd64 -t /var/lib/dkms 

# exit code: 0
# elapsed time: 00:00:00
----------------------------------------------------------------
